FPS: 299.59647350982965                                                                                                 
                                                                                                                        
                              Hello!!                                                                                   
                                                                                                                        
                                                                                                                        
                                                                                                                        
                                                                                                                        
                                                  ┌──────────────────┐                                                  
                                                  │                  │                                                  
                                                  │                  │                                                  
                                                  │                  │          ┌─────┐                                 
                                                  │                  │          │subi │                                 
                                                  │                  │          └─────┘                                 
                              TestTestTest        │                  │                                                  
                                                  │      Center      │                                                  
     ññññññññññññññññññññ                         │                  │                                                  
                                                  └──────────────────┘                                                  
                                                                                                                        
                                                                                                                        
                                                                                                                        
                                                                                                                        
                                                                                                                        
                                                                                                                        
                                                                                                                        
                                                                                                                        
                                                                                                                        
                                                                                                                        
                                                                                                                        
                                                                                                                        
